[1m[36mBackup configuration of devices*************************************************
[1m[34m* leaf00.bma ** changed : True *************************************************
[1m[32mvvvv Backup configuration of devices ** changed : False vvvvvvvvvvvvvvvvvvvvvvvv INFO
[1m[33m---- write_file ** changed : True ---------------------------------------------- INFO
--- /tmp/nr_tools_test/test_backup/leaf00.bma

+++ new

@@ -0,0 +1 @@

+fake running configuration
[1m[32m^^^^ END Backup configuration of devices ^^^^^^^^^^^^^^^^^^^^^^^^^^^^^^^^^^^^^^^
[1m[34m* leaf00.cmh ** changed : True *************************************************
[1m[32mvvvv Backup configuration of devices ** changed : False vvvvvvvvvvvvvvvvvvvvvvvv INFO
[1m[33m---- write_file ** changed : True ---------------------------------------------- INFO
--- /tmp/nr_tools_test/test_backup/leaf00.cmh

+++ new

@@ -0,0 +1 @@

+fake running configuration
[1m[32m^^^^ END Backup configuration of devices ^^^^^^^^^^^^^^^^^^^^^^^^^^^^^^^^^^^^^^^
[1m[34m* leaf01.bma ** changed : True *************************************************
[1m[32mvvvv Backup configuration of devices ** changed : False vvvvvvvvvvvvvvvvvvvvvvvv INFO
[1m[33m---- write_file ** changed : True ---------------------------------------------- INFO
--- /tmp/nr_tools_test/test_backup/leaf01.bma

+++ new

@@ -0,0 +1 @@

+fake running configuration
[1m[32m^^^^ END Backup configuration of devices ^^^^^^^^^^^^^^^^^^^^^^^^^^^^^^^^^^^^^^^
[1m[34m* leaf01.cmh ** changed : True *************************************************
[1m[32mvvvv Backup configuration of devices ** changed : False vvvvvvvvvvvvvvvvvvvvvvvv INFO
[1m[33m---- write_file ** changed : True ---------------------------------------------- INFO
--- /tmp/nr_tools_test/test_backup/leaf01.cmh

+++ new

@@ -0,0 +1 @@

+fake running configuration
[1m[32m^^^^ END Backup configuration of devices ^^^^^^^^^^^^^^^^^^^^^^^^^^^^^^^^^^^^^^^
[1m[34m* spine00.bma ** changed : True ************************************************
[1m[32mvvvv Backup configuration of devices ** changed : False vvvvvvvvvvvvvvvvvvvvvvvv INFO
[1m[33m---- write_file ** changed : True ---------------------------------------------- INFO
--- /tmp/nr_tools_test/test_backup/spine00.bma

+++ new

@@ -0,0 +1 @@

+fake running configuration
[1m[32m^^^^ END Backup configuration of devices ^^^^^^^^^^^^^^^^^^^^^^^^^^^^^^^^^^^^^^^
[1m[34m* spine00.cmh ** changed : True ************************************************
[1m[32mvvvv Backup configuration of devices ** changed : False vvvvvvvvvvvvvvvvvvvvvvvv INFO
[1m[33m---- write_file ** changed : True ---------------------------------------------- INFO
--- /tmp/nr_tools_test/test_backup/spine00.cmh

+++ new

@@ -0,0 +1 @@

+fake running configuration
[1m[32m^^^^ END Backup configuration of devices ^^^^^^^^^^^^^^^^^^^^^^^^^^^^^^^^^^^^^^^
[1m[34m* spine01.bma ** changed : True ************************************************
[1m[32mvvvv Backup configuration of devices ** changed : False vvvvvvvvvvvvvvvvvvvvvvvv INFO
[1m[33m---- write_file ** changed : True ---------------------------------------------- INFO
--- /tmp/nr_tools_test/test_backup/spine01.bma

+++ new

@@ -0,0 +1 @@

+fake running configuration
[1m[32m^^^^ END Backup configuration of devices ^^^^^^^^^^^^^^^^^^^^^^^^^^^^^^^^^^^^^^^
[1m[34m* spine01.cmh ** changed : True ************************************************
[1m[32mvvvv Backup configuration of devices ** changed : False vvvvvvvvvvvvvvvvvvvvvvvv INFO
[1m[33m---- write_file ** changed : True ---------------------------------------------- INFO
--- /tmp/nr_tools_test/test_backup/spine01.cmh

+++ new

@@ -0,0 +1 @@

+fake running configuration
[1m[32m^^^^ END Backup configuration of devices ^^^^^^^^^^^^^^^^^^^^^^^^^^^^^^^^^^^^^^^
